2026-03-30 00:00:00 | ERROR | main | 主循环异常: [Errno 22] Invalid argument
Traceback (most recent call last):
  File "D:\MyProject\kaas-platform\rpa-qianniu\app\main.py", line 741, in _run_legacy_uia
    print("[窗口丢失] 尝试重新定位…")
    ~~~~~^^^^^^^^^^^^^^^^^^^^^^^^^^^^
  File "D:\MyProject\kaas-platform\rpa-qianniu\app\logger.py", line 27, in write
    self._original.write(s)
    ~~~~~~~~~~~~~~~~~~~~^^^
OSError: [Errno 22] Invalid argument
2026-03-30 00:00:03 | ERROR | main | 主循环异常: [Errno 22] Invalid argument
Traceback (most recent call last):
  File "D:\MyProject\kaas-platform\rpa-qianniu\app\main.py", line 741, in _run_legacy_uia
    print("[窗口丢失] 尝试重新定位…")
    ~~~~~^^^^^^^^^^^^^^^^^^^^^^^^^^^^
  File "D:\MyProject\kaas-platform\rpa-qianniu\app\logger.py", line 27, in write
    self._original.write(s)
    ~~~~~~~~~~~~~~~~~~~~^^^
OSError: [Errno 22] Invalid argument
2026-03-30 00:00:06 | ERROR | main | 主循环异常: [Errno 22] Invalid argument
Traceback (most recent call last):
  File "D:\MyProject\kaas-platform\rpa-qianniu\app\main.py", line 741, in _run_legacy_uia
    print("[窗口丢失] 尝试重新定位…")
    ~~~~~^^^^^^^^^^^^^^^^^^^^^^^^^^^^
  File "D:\MyProject\kaas-platform\rpa-qianniu\app\logger.py", line 27, in write
    self._original.write(s)
    ~~~~~~~~~~~~~~~~~~~~^^^
OSError: [Errno 22] Invalid argument
2026-03-30 00:00:09 | ERROR | main | 主循环异常: [Errno 22] Invalid argument
Traceback (most recent call last):
  File "D:\MyProject\kaas-platform\rpa-qianniu\app\main.py", line 741, in _run_legacy_uia
    print("[窗口丢失] 尝试重新定位…")
    ~~~~~^^^^^^^^^^^^^^^^^^^^^^^^^^^^
  File "D:\MyProject\kaas-platform\rpa-qianniu\app\logger.py", line 27, in write
    self._original.write(s)
    ~~~~~~~~~~~~~~~~~~~~^^^
OSError: [Errno 22] Invalid argument
2026-03-30 00:00:12 | ERROR | main | 主循环异常: [Errno 22] Invalid argument
Traceback (most recent call last):
  File "D:\MyProject\kaas-platform\rpa-qianniu\app\main.py", line 741, in _run_legacy_uia
    print("[窗口丢失] 尝试重新定位…")
    ~~~~~^^^^^^^^^^^^^^^^^^^^^^^^^^^^
  File "D:\MyProject\kaas-platform\rpa-qianniu\app\logger.py", line 27, in write
    self._original.write(s)
    ~~~~~~~~~~~~~~~~~~~~^^^
OSError: [Errno 22] Invalid argument
2026-03-30 00:00:15 | ERROR | main | [SOAK] 连续异常 ≥ 10，建议检查窗口状态，休眠 30 秒
2026-03-30 00:00:45 | ERROR | main | 主循环异常: [Errno 22] Invalid argument
Traceback (most recent call last):
  File "D:\MyProject\kaas-platform\rpa-qianniu\app\main.py", line 741, in _run_legacy_uia
    print("[窗口丢失] 尝试重新定位…")
    ~~~~~^^^^^^^^^^^^^^^^^^^^^^^^^^^^
  File "D:\MyProject\kaas-platform\rpa-qianniu\app\logger.py", line 27, in write
    self._original.write(s)
    ~~~~~~~~~~~~~~~~~~~~^^^
OSError: [Errno 22] Invalid argument
2026-03-30 00:00:48 | ERROR | main | 主循环异常: [Errno 22] Invalid argument
Traceback (most recent call last):
  File "D:\MyProject\kaas-platform\rpa-qianniu\app\main.py", line 741, in _run_legacy_uia
    print("[窗口丢失] 尝试重新定位…")
    ~~~~~^^^^^^^^^^^^^^^^^^^^^^^^^^^^
  File "D:\MyProject\kaas-platform\rpa-qianniu\app\logger.py", line 27, in write
    self._original.write(s)
    ~~~~~~~~~~~~~~~~~~~~^^^
OSError: [Errno 22] Invalid argument
2026-03-30 00:00:51 | ERROR | main | 主循环异常: [Errno 22] Invalid argument
Traceback (most recent call last):
  File "D:\MyProject\kaas-platform\rpa-qianniu\app\main.py", line 741, in _run_legacy_uia
    print("[窗口丢失] 尝试重新定位…")
    ~~~~~^^^^^^^^^^^^^^^^^^^^^^^^^^^^
  File "D:\MyProject\kaas-platform\rpa-qianniu\app\logger.py", line 27, in write
    self._original.write(s)
    ~~~~~~~~~~~~~~~~~~~~^^^
OSError: [Errno 22] Invalid argument
2026-03-30 00:00:54 | ERROR | main | 主循环异常: [Errno 22] Invalid argument
Traceback (most recent call last):
  File "D:\MyProject\kaas-platform\rpa-qianniu\app\main.py", line 741, in _run_legacy_uia
    print("[窗口丢失] 尝试重新定位…")
    ~~~~~^^^^^^^^^^^^^^^^^^^^^^^^^^^^
  File "D:\MyProject\kaas-platform\rpa-qianniu\app\logger.py", line 27, in write
    self._original.write(s)
    ~~~~~~~~~~~~~~~~~~~~^^^
OSError: [Errno 22] Invalid argument
2026-03-30 00:00:57 | ERROR | main | 主循环异常: [Errno 22] Invalid argument
Traceback (most recent call last):
  File "D:\MyProject\kaas-platform\rpa-qianniu\app\main.py", line 741, in _run_legacy_uia
    print("[窗口丢失] 尝试重新定位…")
    ~~~~~^^^^^^^^^^^^^^^^^^^^^^^^^^^^
  File "D:\MyProject\kaas-platform\rpa-qianniu\app\logger.py", line 27, in write
    self._original.write(s)
    ~~~~~~~~~~~~~~~~~~~~^^^
OSError: [Errno 22] Invalid argument
2026-03-30 00:01:00 | ERROR | main | 主循环异常: [Errno 22] Invalid argument
Traceback (most recent call last):
  File "D:\MyProject\kaas-platform\rpa-qianniu\app\main.py", line 741, in _run_legacy_uia
    print("[窗口丢失] 尝试重新定位…")
    ~~~~~^^^^^^^^^^^^^^^^^^^^^^^^^^^^
  File "D:\MyProject\kaas-platform\rpa-qianniu\app\logger.py", line 27, in write
    self._original.write(s)
    ~~~~~~~~~~~~~~~~~~~~^^^
OSError: [Errno 22] Invalid argument
2026-03-30 00:01:03 | ERROR | main | 主循环异常: [Errno 22] Invalid argument
Traceback (most recent call last):
  File "D:\MyProject\kaas-platform\rpa-qianniu\app\main.py", line 741, in _run_legacy_uia
    print("[窗口丢失] 尝试重新定位…")
    ~~~~~^^^^^^^^^^^^^^^^^^^^^^^^^^^^
  File "D:\MyProject\kaas-platform\rpa-qianniu\app\logger.py", line 27, in write
    self._original.write(s)
    ~~~~~~~~~~~~~~~~~~~~^^^
OSError: [Errno 22] Invalid argument
2026-03-30 00:01:06 | ERROR | main | 主循环异常: [Errno 22] Invalid argument
Traceback (most recent call last):
  File "D:\MyProject\kaas-platform\rpa-qianniu\app\main.py", line 741, in _run_legacy_uia
    print("[窗口丢失] 尝试重新定位…")
    ~~~~~^^^^^^^^^^^^^^^^^^^^^^^^^^^^
  File "D:\MyProject\kaas-platform\rpa-qianniu\app\logger.py", line 27, in write
    self._original.write(s)
    ~~~~~~~~~~~~~~~~~~~~^^^
OSError: [Errno 22] Invalid argument
2026-03-30 00:01:09 | ERROR | main | 主循环异常: [Errno 22] Invalid argument
Traceback (most recent call last):
  File "D:\MyProject\kaas-platform\rpa-qianniu\app\main.py", line 741, in _run_legacy_uia
    print("[窗口丢失] 尝试重新定位…")
    ~~~~~^^^^^^^^^^^^^^^^^^^^^^^^^^^^
  File "D:\MyProject\kaas-platform\rpa-qianniu\app\logger.py", line 27, in write
    self._original.write(s)
    ~~~~~~~~~~~~~~~~~~~~^^^
OSError: [Errno 22] Invalid argument
2026-03-30 00:01:12 | ERROR | main | 主循环异常: [Errno 22] Invalid argument
Traceback (most recent call last):
  File "D:\MyProject\kaas-platform\rpa-qianniu\app\main.py", line 741, in _run_legacy_uia
    print("[窗口丢失] 尝试重新定位…")
    ~~~~~^^^^^^^^^^^^^^^^^^^^^^^^^^^^
  File "D:\MyProject\kaas-platform\rpa-qianniu\app\logger.py", line 27, in write
    self._original.write(s)
    ~~~~~~~~~~~~~~~~~~~~^^^
OSError: [Errno 22] Invalid argument
2026-03-30 00:01:15 | ERROR | main | [SOAK] 连续异常 ≥ 10，建议检查窗口状态，休眠 30 秒
2026-03-30 00:01:45 | ERROR | main | 主循环异常: [Errno 22] Invalid argument
Traceback (most recent call last):
  File "D:\MyProject\kaas-platform\rpa-qianniu\app\main.py", line 741, in _run_legacy_uia
    print("[窗口丢失] 尝试重新定位…")
    ~~~~~^^^^^^^^^^^^^^^^^^^^^^^^^^^^
  File "D:\MyProject\kaas-platform\rpa-qianniu\app\logger.py", line 27, in write
    self._original.write(s)
    ~~~~~~~~~~~~~~~~~~~~^^^
OSError: [Errno 22] Invalid argument
2026-03-30 00:01:48 | ERROR | main | 主循环异常: [Errno 22] Invalid argument
Traceback (most recent call last):
  File "D:\MyProject\kaas-platform\rpa-qianniu\app\main.py", line 741, in _run_legacy_uia
    print("[窗口丢失] 尝试重新定位…")
    ~~~~~^^^^^^^^^^^^^^^^^^^^^^^^^^^^
  File "D:\MyProject\kaas-platform\rpa-qianniu\app\logger.py", line 27, in write
    self._original.write(s)
    ~~~~~~~~~~~~~~~~~~~~^^^
OSError: [Errno 22] Invalid argument
2026-03-30 00:01:51 | ERROR | main | 主循环异常: [Errno 22] Invalid argument
Traceback (most recent call last):
  File "D:\MyProject\kaas-platform\rpa-qianniu\app\main.py", line 741, in _run_legacy_uia
    print("[窗口丢失] 尝试重新定位…")
    ~~~~~^^^^^^^^^^^^^^^^^^^^^^^^^^^^
  File "D:\MyProject\kaas-platform\rpa-qianniu\app\logger.py", line 27, in write
    self._original.write(s)
    ~~~~~~~~~~~~~~~~~~~~^^^
OSError: [Errno 22] Invalid argument
2026-03-30 00:01:54 | ERROR | main | 主循环异常: [Errno 22] Invalid argument
Traceback (most recent call last):
  File "D:\MyProject\kaas-platform\rpa-qianniu\app\main.py", line 741, in _run_legacy_uia
    print("[窗口丢失] 尝试重新定位…")
    ~~~~~^^^^^^^^^^^^^^^^^^^^^^^^^^^^
  File "D:\MyProject\kaas-platform\rpa-qianniu\app\logger.py", line 27, in write
    self._original.write(s)
    ~~~~~~~~~~~~~~~~~~~~^^^
OSError: [Errno 22] Invalid argument
2026-03-30 00:01:57 | ERROR | main | 主循环异常: [Errno 22] Invalid argument
Traceback (most recent call last):
  File "D:\MyProject\kaas-platform\rpa-qianniu\app\main.py", line 741, in _run_legacy_uia
    print("[窗口丢失] 尝试重新定位…")
    ~~~~~^^^^^^^^^^^^^^^^^^^^^^^^^^^^
  File "D:\MyProject\kaas-platform\rpa-qianniu\app\logger.py", line 27, in write
    self._original.write(s)
    ~~~~~~~~~~~~~~~~~~~~^^^
OSError: [Errno 22] Invalid argument
2026-03-30 00:02:00 | ERROR | main | 主循环异常: [Errno 22] Invalid argument
Traceback (most recent call last):
  File "D:\MyProject\kaas-platform\rpa-qianniu\app\main.py", line 741, in _run_legacy_uia
    print("[窗口丢失] 尝试重新定位…")
    ~~~~~^^^^^^^^^^^^^^^^^^^^^^^^^^^^
  File "D:\MyProject\kaas-platform\rpa-qianniu\app\logger.py", line 27, in write
    self._original.write(s)
    ~~~~~~~~~~~~~~~~~~~~^^^
OSError: [Errno 22] Invalid argument
2026-03-30 00:02:03 | ERROR | main | 主循环异常: [Errno 22] Invalid argument
Traceback (most recent call last):
  File "D:\MyProject\kaas-platform\rpa-qianniu\app\main.py", line 741, in _run_legacy_uia
    print("[窗口丢失] 尝试重新定位…")
    ~~~~~^^^^^^^^^^^^^^^^^^^^^^^^^^^^
  File "D:\MyProject\kaas-platform\rpa-qianniu\app\logger.py", line 27, in write
    self._original.write(s)
    ~~~~~~~~~~~~~~~~~~~~^^^
OSError: [Errno 22] Invalid argument
2026-03-30 00:02:06 | ERROR | main | 主循环异常: [Errno 22] Invalid argument
Traceback (most recent call last):
  File "D:\MyProject\kaas-platform\rpa-qianniu\app\main.py", line 741, in _run_legacy_uia
    print("[窗口丢失] 尝试重新定位…")
    ~~~~~^^^^^^^^^^^^^^^^^^^^^^^^^^^^
  File "D:\MyProject\kaas-platform\rpa-qianniu\app\logger.py", line 27, in write
    self._original.write(s)
    ~~~~~~~~~~~~~~~~~~~~^^^
OSError: [Errno 22] Invalid argument
2026-03-30 00:02:09 | ERROR | main | 主循环异常: [Errno 22] Invalid argument
Traceback (most recent call last):
  File "D:\MyProject\kaas-platform\rpa-qianniu\app\main.py", line 741, in _run_legacy_uia
    print("[窗口丢失] 尝试重新定位…")
    ~~~~~^^^^^^^^^^^^^^^^^^^^^^^^^^^^
  File "D:\MyProject\kaas-platform\rpa-qianniu\app\logger.py", line 27, in write
    self._original.write(s)
    ~~~~~~~~~~~~~~~~~~~~^^^
OSError: [Errno 22] Invalid argument
2026-03-30 00:02:12 | ERROR | main | 主循环异常: [Errno 22] Invalid argument
Traceback (most recent call last):
  File "D:\MyProject\kaas-platform\rpa-qianniu\app\main.py", line 741, in _run_legacy_uia
    print("[窗口丢失] 尝试重新定位…")
    ~~~~~^^^^^^^^^^^^^^^^^^^^^^^^^^^^
  File "D:\MyProject\kaas-platform\rpa-qianniu\app\logger.py", line 27, in write
    self._original.write(s)
    ~~~~~~~~~~~~~~~~~~~~^^^
OSError: [Errno 22] Invalid argument
2026-03-30 00:02:15 | ERROR | main | [SOAK] 连续异常 ≥ 10，建议检查窗口状态，休眠 30 秒
2026-03-30 00:02:45 | ERROR | main | 主循环异常: [Errno 22] Invalid argument
Traceback (most recent call last):
  File "D:\MyProject\kaas-platform\rpa-qianniu\app\main.py", line 741, in _run_legacy_uia
    print("[窗口丢失] 尝试重新定位…")
    ~~~~~^^^^^^^^^^^^^^^^^^^^^^^^^^^^
  File "D:\MyProject\kaas-platform\rpa-qianniu\app\logger.py", line 27, in write
    self._original.write(s)
    ~~~~~~~~~~~~~~~~~~~~^^^
OSError: [Errno 22] Invalid argument
2026-03-30 00:02:48 | ERROR | main | 主循环异常: [Errno 22] Invalid argument
Traceback (most recent call last):
  File "D:\MyProject\kaas-platform\rpa-qianniu\app\main.py", line 741, in _run_legacy_uia
    print("[窗口丢失] 尝试重新定位…")
    ~~~~~^^^^^^^^^^^^^^^^^^^^^^^^^^^^
  File "D:\MyProject\kaas-platform\rpa-qianniu\app\logger.py", line 27, in write
    self._original.write(s)
    ~~~~~~~~~~~~~~~~~~~~^^^
OSError: [Errno 22] Invalid argument
2026-03-30 00:02:51 | ERROR | main | 主循环异常: [Errno 22] Invalid argument
Traceback (most recent call last):
  File "D:\MyProject\kaas-platform\rpa-qianniu\app\main.py", line 741, in _run_legacy_uia
    print("[窗口丢失] 尝试重新定位…")
    ~~~~~^^^^^^^^^^^^^^^^^^^^^^^^^^^^
  File "D:\MyProject\kaas-platform\rpa-qianniu\app\logger.py", line 27, in write
    self._original.write(s)
    ~~~~~~~~~~~~~~~~~~~~^^^
OSError: [Errno 22] Invalid argument
2026-03-30 00:02:54 | ERROR | main | 主循环异常: [Errno 22] Invalid argument
Traceback (most recent call last):
  File "D:\MyProject\kaas-platform\rpa-qianniu\app\main.py", line 741, in _run_legacy_uia
    print("[窗口丢失] 尝试重新定位…")
    ~~~~~^^^^^^^^^^^^^^^^^^^^^^^^^^^^
  File "D:\MyProject\kaas-platform\rpa-qianniu\app\logger.py", line 27, in write
    self._original.write(s)
    ~~~~~~~~~~~~~~~~~~~~^^^
OSError: [Errno 22] Invalid argument
2026-03-30 00:02:57 | ERROR | main | 主循环异常: [Errno 22] Invalid argument
Traceback (most recent call last):
  File "D:\MyProject\kaas-platform\rpa-qianniu\app\main.py", line 741, in _run_legacy_uia
    print("[窗口丢失] 尝试重新定位…")
    ~~~~~^^^^^^^^^^^^^^^^^^^^^^^^^^^^
  File "D:\MyProject\kaas-platform\rpa-qianniu\app\logger.py", line 27, in write
    self._original.write(s)
    ~~~~~~~~~~~~~~~~~~~~^^^
OSError: [Errno 22] Invalid argument
2026-03-30 00:03:00 | ERROR | main | 主循环异常: [Errno 22] Invalid argument
Traceback (most recent call last):
  File "D:\MyProject\kaas-platform\rpa-qianniu\app\main.py", line 741, in _run_legacy_uia
    print("[窗口丢失] 尝试重新定位…")
    ~~~~~^^^^^^^^^^^^^^^^^^^^^^^^^^^^
  File "D:\MyProject\kaas-platform\rpa-qianniu\app\logger.py", line 27, in write
    self._original.write(s)
    ~~~~~~~~~~~~~~~~~~~~^^^
OSError: [Errno 22] Invalid argument
2026-03-30 00:03:03 | ERROR | main | 主循环异常: [Errno 22] Invalid argument
Traceback (most recent call last):
  File "D:\MyProject\kaas-platform\rpa-qianniu\app\main.py", line 741, in _run_legacy_uia
    print("[窗口丢失] 尝试重新定位…")
    ~~~~~^^^^^^^^^^^^^^^^^^^^^^^^^^^^
  File "D:\MyProject\kaas-platform\rpa-qianniu\app\logger.py", line 27, in write
    self._original.write(s)
    ~~~~~~~~~~~~~~~~~~~~^^^
OSError: [Errno 22] Invalid argument
2026-03-30 00:03:06 | ERROR | main | 主循环异常: [Errno 22] Invalid argument
Traceback (most recent call last):
  File "D:\MyProject\kaas-platform\rpa-qianniu\app\main.py", line 741, in _run_legacy_uia
    print("[窗口丢失] 尝试重新定位…")
    ~~~~~^^^^^^^^^^^^^^^^^^^^^^^^^^^^
  File "D:\MyProject\kaas-platform\rpa-qianniu\app\logger.py", line 27, in write
    self._original.write(s)
    ~~~~~~~~~~~~~~~~~~~~^^^
OSError: [Errno 22] Invalid argument
2026-03-30 00:03:09 | ERROR | main | 主循环异常: [Errno 22] Invalid argument
Traceback (most recent call last):
  File "D:\MyProject\kaas-platform\rpa-qianniu\app\main.py", line 741, in _run_legacy_uia
    print("[窗口丢失] 尝试重新定位…")
    ~~~~~^^^^^^^^^^^^^^^^^^^^^^^^^^^^
  File "D:\MyProject\kaas-platform\rpa-qianniu\app\logger.py", line 27, in write
    self._original.write(s)
    ~~~~~~~~~~~~~~~~~~~~^^^
OSError: [Errno 22] Invalid argument
2026-03-30 00:03:12 | ERROR | main | 主循环异常: [Errno 22] Invalid argument
Traceback (most recent call last):
  File "D:\MyProject\kaas-platform\rpa-qianniu\app\main.py", line 741, in _run_legacy_uia
    print("[窗口丢失] 尝试重新定位…")
    ~~~~~^^^^^^^^^^^^^^^^^^^^^^^^^^^^
  File "D:\MyProject\kaas-platform\rpa-qianniu\app\logger.py", line 27, in write
    self._original.write(s)
    ~~~~~~~~~~~~~~~~~~~~^^^
OSError: [Errno 22] Invalid argument
2026-03-30 00:03:15 | ERROR | main | [SOAK] 连续异常 ≥ 10，建议检查窗口状态，休眠 30 秒
2026-03-30 00:03:45 | ERROR | main | 主循环异常: [Errno 22] Invalid argument
Traceback (most recent call last):
  File "D:\MyProject\kaas-platform\rpa-qianniu\app\main.py", line 741, in _run_legacy_uia
    print("[窗口丢失] 尝试重新定位…")
    ~~~~~^^^^^^^^^^^^^^^^^^^^^^^^^^^^
  File "D:\MyProject\kaas-platform\rpa-qianniu\app\logger.py", line 27, in write
    self._original.write(s)
    ~~~~~~~~~~~~~~~~~~~~^^^
OSError: [Errno 22] Invalid argument
2026-03-30 00:03:48 | ERROR | main | 主循环异常: [Errno 22] Invalid argument
Traceback (most recent call last):
  File "D:\MyProject\kaas-platform\rpa-qianniu\app\main.py", line 741, in _run_legacy_uia
    print("[窗口丢失] 尝试重新定位…")
    ~~~~~^^^^^^^^^^^^^^^^^^^^^^^^^^^^
  File "D:\MyProject\kaas-platform\rpa-qianniu\app\logger.py", line 27, in write
    self._original.write(s)
    ~~~~~~~~~~~~~~~~~~~~^^^
OSError: [Errno 22] Invalid argument
2026-03-30 00:03:51 | ERROR | main | 主循环异常: [Errno 22] Invalid argument
Traceback (most recent call last):
  File "D:\MyProject\kaas-platform\rpa-qianniu\app\main.py", line 741, in _run_legacy_uia
    print("[窗口丢失] 尝试重新定位…")
    ~~~~~^^^^^^^^^^^^^^^^^^^^^^^^^^^^
  File "D:\MyProject\kaas-platform\rpa-qianniu\app\logger.py", line 27, in write
    self._original.write(s)
    ~~~~~~~~~~~~~~~~~~~~^^^
OSError: [Errno 22] Invalid argument
2026-03-30 00:03:54 | ERROR | main | 主循环异常: [Errno 22] Invalid argument
Traceback (most recent call last):
  File "D:\MyProject\kaas-platform\rpa-qianniu\app\main.py", line 741, in _run_legacy_uia
    print("[窗口丢失] 尝试重新定位…")
    ~~~~~^^^^^^^^^^^^^^^^^^^^^^^^^^^^
  File "D:\MyProject\kaas-platform\rpa-qianniu\app\logger.py", line 27, in write
    self._original.write(s)
    ~~~~~~~~~~~~~~~~~~~~^^^
OSError: [Errno 22] Invalid argument
2026-03-30 00:03:57 | ERROR | main | 主循环异常: [Errno 22] Invalid argument
Traceback (most recent call last):
  File "D:\MyProject\kaas-platform\rpa-qianniu\app\main.py", line 741, in _run_legacy_uia
    print("[窗口丢失] 尝试重新定位…")
    ~~~~~^^^^^^^^^^^^^^^^^^^^^^^^^^^^
  File "D:\MyProject\kaas-platform\rpa-qianniu\app\logger.py", line 27, in write
    self._original.write(s)
    ~~~~~~~~~~~~~~~~~~~~^^^
OSError: [Errno 22] Invalid argument
2026-03-30 00:04:00 | ERROR | main | 主循环异常: [Errno 22] Invalid argument
Traceback (most recent call last):
  File "D:\MyProject\kaas-platform\rpa-qianniu\app\main.py", line 741, in _run_legacy_uia
    print("[窗口丢失] 尝试重新定位…")
    ~~~~~^^^^^^^^^^^^^^^^^^^^^^^^^^^^
  File "D:\MyProject\kaas-platform\rpa-qianniu\app\logger.py", line 27, in write
    self._original.write(s)
    ~~~~~~~~~~~~~~~~~~~~^^^
OSError: [Errno 22] Invalid argument
2026-03-30 00:04:03 | ERROR | main | 主循环异常: [Errno 22] Invalid argument
Traceback (most recent call last):
  File "D:\MyProject\kaas-platform\rpa-qianniu\app\main.py", line 741, in _run_legacy_uia
    print("[窗口丢失] 尝试重新定位…")
    ~~~~~^^^^^^^^^^^^^^^^^^^^^^^^^^^^
  File "D:\MyProject\kaas-platform\rpa-qianniu\app\logger.py", line 27, in write
    self._original.write(s)
    ~~~~~~~~~~~~~~~~~~~~^^^
OSError: [Errno 22] Invalid argument
2026-03-30 00:04:06 | ERROR | main | 主循环异常: [Errno 22] Invalid argument
Traceback (most recent call last):
  File "D:\MyProject\kaas-platform\rpa-qianniu\app\main.py", line 741, in _run_legacy_uia
    print("[窗口丢失] 尝试重新定位…")
    ~~~~~^^^^^^^^^^^^^^^^^^^^^^^^^^^^
  File "D:\MyProject\kaas-platform\rpa-qianniu\app\logger.py", line 27, in write
    self._original.write(s)
    ~~~~~~~~~~~~~~~~~~~~^^^
OSError: [Errno 22] Invalid argument
2026-03-30 00:04:09 | ERROR | main | 主循环异常: [Errno 22] Invalid argument
Traceback (most recent call last):
  File "D:\MyProject\kaas-platform\rpa-qianniu\app\main.py", line 741, in _run_legacy_uia
    print("[窗口丢失] 尝试重新定位…")
    ~~~~~^^^^^^^^^^^^^^^^^^^^^^^^^^^^
  File "D:\MyProject\kaas-platform\rpa-qianniu\app\logger.py", line 27, in write
    self._original.write(s)
    ~~~~~~~~~~~~~~~~~~~~^^^
OSError: [Errno 22] Invalid argument
2026-03-30 00:04:12 | ERROR | main | 主循环异常: [Errno 22] Invalid argument
Traceback (most recent call last):
  File "D:\MyProject\kaas-platform\rpa-qianniu\app\main.py", line 741, in _run_legacy_uia
    print("[窗口丢失] 尝试重新定位…")
    ~~~~~^^^^^^^^^^^^^^^^^^^^^^^^^^^^
  File "D:\MyProject\kaas-platform\rpa-qianniu\app\logger.py", line 27, in write
    self._original.write(s)
    ~~~~~~~~~~~~~~~~~~~~^^^
OSError: [Errno 22] Invalid argument
2026-03-30 00:04:15 | ERROR | main | [SOAK] 连续异常 ≥ 10，建议检查窗口状态，休眠 30 秒
2026-03-30 00:04:45 | ERROR | main | 主循环异常: [Errno 22] Invalid argument
Traceback (most recent call last):
  File "D:\MyProject\kaas-platform\rpa-qianniu\app\main.py", line 741, in _run_legacy_uia
    print("[窗口丢失] 尝试重新定位…")
    ~~~~~^^^^^^^^^^^^^^^^^^^^^^^^^^^^
  File "D:\MyProject\kaas-platform\rpa-qianniu\app\logger.py", line 27, in write
    self._original.write(s)
    ~~~~~~~~~~~~~~~~~~~~^^^
OSError: [Errno 22] Invalid argument
2026-03-30 00:04:48 | INFO | main | [SOAK] 已运行 308.6 分钟，已处理 0 条消息
2026-03-30 00:04:48 | ERROR | main | 主循环异常: [Errno 22] Invalid argument
Traceback (most recent call last):
  File "D:\MyProject\kaas-platform\rpa-qianniu\app\main.py", line 741, in _run_legacy_uia
    print("[窗口丢失] 尝试重新定位…")
    ~~~~~^^^^^^^^^^^^^^^^^^^^^^^^^^^^
  File "D:\MyProject\kaas-platform\rpa-qianniu\app\logger.py", line 27, in write
    self._original.write(s)
    ~~~~~~~~~~~~~~~~~~~~^^^
OSError: [Errno 22] Invalid argument
2026-03-30 00:04:51 | ERROR | main | 主循环异常: [Errno 22] Invalid argument
Traceback (most recent call last):
  File "D:\MyProject\kaas-platform\rpa-qianniu\app\main.py", line 741, in _run_legacy_uia
    print("[窗口丢失] 尝试重新定位…")
    ~~~~~^^^^^^^^^^^^^^^^^^^^^^^^^^^^
  File "D:\MyProject\kaas-platform\rpa-qianniu\app\logger.py", line 27, in write
    self._original.write(s)
    ~~~~~~~~~~~~~~~~~~~~^^^
OSError: [Errno 22] Invalid argument
2026-03-30 00:04:54 | ERROR | main | 主循环异常: [Errno 22] Invalid argument
Traceback (most recent call last):
  File "D:\MyProject\kaas-platform\rpa-qianniu\app\main.py", line 741, in _run_legacy_uia
    print("[窗口丢失] 尝试重新定位…")
    ~~~~~^^^^^^^^^^^^^^^^^^^^^^^^^^^^
  File "D:\MyProject\kaas-platform\rpa-qianniu\app\logger.py", line 27, in write
    self._original.write(s)
    ~~~~~~~~~~~~~~~~~~~~^^^
OSError: [Errno 22] Invalid argument
2026-03-30 00:04:57 | ERROR | main | 主循环异常: [Errno 22] Invalid argument
Traceback (most recent call last):
  File "D:\MyProject\kaas-platform\rpa-qianniu\app\main.py", line 741, in _run_legacy_uia
    print("[窗口丢失] 尝试重新定位…")
    ~~~~~^^^^^^^^^^^^^^^^^^^^^^^^^^^^
  File "D:\MyProject\kaas-platform\rpa-qianniu\app\logger.py", line 27, in write
    self._original.write(s)
    ~~~~~~~~~~~~~~~~~~~~^^^
OSError: [Errno 22] Invalid argument
2026-03-30 00:05:00 | ERROR | main | 主循环异常: [Errno 22] Invalid argument
Traceback (most recent call last):
  File "D:\MyProject\kaas-platform\rpa-qianniu\app\main.py", line 741, in _run_legacy_uia
    print("[窗口丢失] 尝试重新定位…")
    ~~~~~^^^^^^^^^^^^^^^^^^^^^^^^^^^^
  File "D:\MyProject\kaas-platform\rpa-qianniu\app\logger.py", line 27, in write
    self._original.write(s)
    ~~~~~~~~~~~~~~~~~~~~^^^
OSError: [Errno 22] Invalid argument
2026-03-30 00:05:03 | ERROR | main | 主循环异常: [Errno 22] Invalid argument
Traceback (most recent call last):
  File "D:\MyProject\kaas-platform\rpa-qianniu\app\main.py", line 741, in _run_legacy_uia
    print("[窗口丢失] 尝试重新定位…")
    ~~~~~^^^^^^^^^^^^^^^^^^^^^^^^^^^^
  File "D:\MyProject\kaas-platform\rpa-qianniu\app\logger.py", line 27, in write
    self._original.write(s)
    ~~~~~~~~~~~~~~~~~~~~^^^
OSError: [Errno 22] Invalid argument
2026-03-30 00:05:06 | ERROR | main | 主循环异常: [Errno 22] Invalid argument
Traceback (most recent call last):
  File "D:\MyProject\kaas-platform\rpa-qianniu\app\main.py", line 741, in _run_legacy_uia
    print("[窗口丢失] 尝试重新定位…")
    ~~~~~^^^^^^^^^^^^^^^^^^^^^^^^^^^^
  File "D:\MyProject\kaas-platform\rpa-qianniu\app\logger.py", line 27, in write
    self._original.write(s)
    ~~~~~~~~~~~~~~~~~~~~^^^
OSError: [Errno 22] Invalid argument
2026-03-30 00:05:09 | ERROR | main | 主循环异常: [Errno 22] Invalid argument
Traceback (most recent call last):
  File "D:\MyProject\kaas-platform\rpa-qianniu\app\main.py", line 741, in _run_legacy_uia
    print("[窗口丢失] 尝试重新定位…")
    ~~~~~^^^^^^^^^^^^^^^^^^^^^^^^^^^^
  File "D:\MyProject\kaas-platform\rpa-qianniu\app\logger.py", line 27, in write
    self._original.write(s)
    ~~~~~~~~~~~~~~~~~~~~^^^
OSError: [Errno 22] Invalid argument
2026-03-30 00:05:12 | ERROR | main | 主循环异常: [Errno 22] Invalid argument
Traceback (most recent call last):
  File "D:\MyProject\kaas-platform\rpa-qianniu\app\main.py", line 741, in _run_legacy_uia
    print("[窗口丢失] 尝试重新定位…")
    ~~~~~^^^^^^^^^^^^^^^^^^^^^^^^^^^^
  File "D:\MyProject\kaas-platform\rpa-qianniu\app\logger.py", line 27, in write
    self._original.write(s)
    ~~~~~~~~~~~~~~~~~~~~^^^
OSError: [Errno 22] Invalid argument
2026-03-30 00:05:15 | ERROR | main | [SOAK] 连续异常 ≥ 10，建议检查窗口状态，休眠 30 秒
2026-03-30 00:05:45 | ERROR | main | 主循环异常: [Errno 22] Invalid argument
Traceback (most recent call last):
  File "D:\MyProject\kaas-platform\rpa-qianniu\app\main.py", line 741, in _run_legacy_uia
    print("[窗口丢失] 尝试重新定位…")
    ~~~~~^^^^^^^^^^^^^^^^^^^^^^^^^^^^
  File "D:\MyProject\kaas-platform\rpa-qianniu\app\logger.py", line 27, in write
    self._original.write(s)
    ~~~~~~~~~~~~~~~~~~~~^^^
OSError: [Errno 22] Invalid argument
2026-03-30 00:05:48 | ERROR | main | 主循环异常: [Errno 22] Invalid argument
Traceback (most recent call last):
  File "D:\MyProject\kaas-platform\rpa-qianniu\app\main.py", line 741, in _run_legacy_uia
    print("[窗口丢失] 尝试重新定位…")
    ~~~~~^^^^^^^^^^^^^^^^^^^^^^^^^^^^
  File "D:\MyProject\kaas-platform\rpa-qianniu\app\logger.py", line 27, in write
    self._original.write(s)
    ~~~~~~~~~~~~~~~~~~~~^^^
OSError: [Errno 22] Invalid argument
2026-03-30 00:05:51 | ERROR | main | 主循环异常: [Errno 22] Invalid argument
Traceback (most recent call last):
  File "D:\MyProject\kaas-platform\rpa-qianniu\app\main.py", line 741, in _run_legacy_uia
    print("[窗口丢失] 尝试重新定位…")
    ~~~~~^^^^^^^^^^^^^^^^^^^^^^^^^^^^
  File "D:\MyProject\kaas-platform\rpa-qianniu\app\logger.py", line 27, in write
    self._original.write(s)
    ~~~~~~~~~~~~~~~~~~~~^^^
OSError: [Errno 22] Invalid argument
2026-03-30 00:05:54 | ERROR | main | 主循环异常: [Errno 22] Invalid argument
Traceback (most recent call last):
  File "D:\MyProject\kaas-platform\rpa-qianniu\app\main.py", line 741, in _run_legacy_uia
    print("[窗口丢失] 尝试重新定位…")
    ~~~~~^^^^^^^^^^^^^^^^^^^^^^^^^^^^
  File "D:\MyProject\kaas-platform\rpa-qianniu\app\logger.py", line 27, in write
    self._original.write(s)
    ~~~~~~~~~~~~~~~~~~~~^^^
OSError: [Errno 22] Invalid argument
2026-03-30 00:05:57 | ERROR | main | 主循环异常: [Errno 22] Invalid argument
Traceback (most recent call last):
  File "D:\MyProject\kaas-platform\rpa-qianniu\app\main.py", line 741, in _run_legacy_uia
    print("[窗口丢失] 尝试重新定位…")
    ~~~~~^^^^^^^^^^^^^^^^^^^^^^^^^^^^
  File "D:\MyProject\kaas-platform\rpa-qianniu\app\logger.py", line 27, in write
    self._original.write(s)
    ~~~~~~~~~~~~~~~~~~~~^^^
OSError: [Errno 22] Invalid argument
2026-03-30 00:06:00 | ERROR | main | 主循环异常: [Errno 22] Invalid argument
Traceback (most recent call last):
  File "D:\MyProject\kaas-platform\rpa-qianniu\app\main.py", line 741, in _run_legacy_uia
    print("[窗口丢失] 尝试重新定位…")
    ~~~~~^^^^^^^^^^^^^^^^^^^^^^^^^^^^
  File "D:\MyProject\kaas-platform\rpa-qianniu\app\logger.py", line 27, in write
    self._original.write(s)
    ~~~~~~~~~~~~~~~~~~~~^^^
OSError: [Errno 22] Invalid argument
2026-03-30 00:06:03 | ERROR | main | 主循环异常: [Errno 22] Invalid argument
Traceback (most recent call last):
  File "D:\MyProject\kaas-platform\rpa-qianniu\app\main.py", line 741, in _run_legacy_uia
    print("[窗口丢失] 尝试重新定位…")
    ~~~~~^^^^^^^^^^^^^^^^^^^^^^^^^^^^
  File "D:\MyProject\kaas-platform\rpa-qianniu\app\logger.py", line 27, in write
    self._original.write(s)
    ~~~~~~~~~~~~~~~~~~~~^^^
OSError: [Errno 22] Invalid argument
2026-03-30 00:06:06 | ERROR | main | 主循环异常: [Errno 22] Invalid argument
Traceback (most recent call last):
  File "D:\MyProject\kaas-platform\rpa-qianniu\app\main.py", line 741, in _run_legacy_uia
    print("[窗口丢失] 尝试重新定位…")
    ~~~~~^^^^^^^^^^^^^^^^^^^^^^^^^^^^
  File "D:\MyProject\kaas-platform\rpa-qianniu\app\logger.py", line 27, in write
    self._original.write(s)
    ~~~~~~~~~~~~~~~~~~~~^^^
OSError: [Errno 22] Invalid argument
2026-03-30 00:06:09 | ERROR | main | 主循环异常: [Errno 22] Invalid argument
Traceback (most recent call last):
  File "D:\MyProject\kaas-platform\rpa-qianniu\app\main.py", line 741, in _run_legacy_uia
    print("[窗口丢失] 尝试重新定位…")
    ~~~~~^^^^^^^^^^^^^^^^^^^^^^^^^^^^
  File "D:\MyProject\kaas-platform\rpa-qianniu\app\logger.py", line 27, in write
    self._original.write(s)
    ~~~~~~~~~~~~~~~~~~~~^^^
OSError: [Errno 22] Invalid argument
2026-03-30 00:06:12 | ERROR | main | 主循环异常: [Errno 22] Invalid argument
Traceback (most recent call last):
  File "D:\MyProject\kaas-platform\rpa-qianniu\app\main.py", line 741, in _run_legacy_uia
    print("[窗口丢失] 尝试重新定位…")
    ~~~~~^^^^^^^^^^^^^^^^^^^^^^^^^^^^
  File "D:\MyProject\kaas-platform\rpa-qianniu\app\logger.py", line 27, in write
    self._original.write(s)
    ~~~~~~~~~~~~~~~~~~~~^^^
OSError: [Errno 22] Invalid argument
2026-03-30 00:06:15 | ERROR | main | [SOAK] 连续异常 ≥ 10，建议检查窗口状态，休眠 30 秒
2026-03-30 00:06:45 | ERROR | main | 主循环异常: [Errno 22] Invalid argument
Traceback (most recent call last):
  File "D:\MyProject\kaas-platform\rpa-qianniu\app\main.py", line 741, in _run_legacy_uia
    print("[窗口丢失] 尝试重新定位…")
    ~~~~~^^^^^^^^^^^^^^^^^^^^^^^^^^^^
  File "D:\MyProject\kaas-platform\rpa-qianniu\app\logger.py", line 27, in write
    self._original.write(s)
    ~~~~~~~~~~~~~~~~~~~~^^^
OSError: [Errno 22] Invalid argument
2026-03-30 00:06:48 | ERROR | main | 主循环异常: [Errno 22] Invalid argument
Traceback (most recent call last):
  File "D:\MyProject\kaas-platform\rpa-qianniu\app\main.py", line 741, in _run_legacy_uia
    print("[窗口丢失] 尝试重新定位…")
    ~~~~~^^^^^^^^^^^^^^^^^^^^^^^^^^^^
  File "D:\MyProject\kaas-platform\rpa-qianniu\app\logger.py", line 27, in write
    self._original.write(s)
    ~~~~~~~~~~~~~~~~~~~~^^^
OSError: [Errno 22] Invalid argument
2026-03-30 00:06:51 | ERROR | main | 主循环异常: [Errno 22] Invalid argument
Traceback (most recent call last):
  File "D:\MyProject\kaas-platform\rpa-qianniu\app\main.py", line 741, in _run_legacy_uia
    print("[窗口丢失] 尝试重新定位…")
    ~~~~~^^^^^^^^^^^^^^^^^^^^^^^^^^^^
  File "D:\MyProject\kaas-platform\rpa-qianniu\app\logger.py", line 27, in write
    self._original.write(s)
    ~~~~~~~~~~~~~~~~~~~~^^^
OSError: [Errno 22] Invalid argument
2026-03-30 00:06:54 | ERROR | main | 主循环异常: [Errno 22] Invalid argument
Traceback (most recent call last):
  File "D:\MyProject\kaas-platform\rpa-qianniu\app\main.py", line 741, in _run_legacy_uia
    print("[窗口丢失] 尝试重新定位…")
    ~~~~~^^^^^^^^^^^^^^^^^^^^^^^^^^^^
  File "D:\MyProject\kaas-platform\rpa-qianniu\app\logger.py", line 27, in write
    self._original.write(s)
    ~~~~~~~~~~~~~~~~~~~~^^^
OSError: [Errno 22] Invalid argument
2026-03-30 00:06:57 | ERROR | main | 主循环异常: [Errno 22] Invalid argument
Traceback (most recent call last):
  File "D:\MyProject\kaas-platform\rpa-qianniu\app\main.py", line 741, in _run_legacy_uia
    print("[窗口丢失] 尝试重新定位…")
    ~~~~~^^^^^^^^^^^^^^^^^^^^^^^^^^^^
  File "D:\MyProject\kaas-platform\rpa-qianniu\app\logger.py", line 27, in write
    self._original.write(s)
    ~~~~~~~~~~~~~~~~~~~~^^^
OSError: [Errno 22] Invalid argument
2026-03-30 00:07:00 | ERROR | main | 主循环异常: [Errno 22] Invalid argument
Traceback (most recent call last):
  File "D:\MyProject\kaas-platform\rpa-qianniu\app\main.py", line 741, in _run_legacy_uia
    print("[窗口丢失] 尝试重新定位…")
    ~~~~~^^^^^^^^^^^^^^^^^^^^^^^^^^^^
  File "D:\MyProject\kaas-platform\rpa-qianniu\app\logger.py", line 27, in write
    self._original.write(s)
    ~~~~~~~~~~~~~~~~~~~~^^^
OSError: [Errno 22] Invalid argument
2026-03-30 00:07:03 | ERROR | main | 主循环异常: [Errno 22] Invalid argument
Traceback (most recent call last):
  File "D:\MyProject\kaas-platform\rpa-qianniu\app\main.py", line 741, in _run_legacy_uia
    print("[窗口丢失] 尝试重新定位…")
    ~~~~~^^^^^^^^^^^^^^^^^^^^^^^^^^^^
  File "D:\MyProject\kaas-platform\rpa-qianniu\app\logger.py", line 27, in write
    self._original.write(s)
    ~~~~~~~~~~~~~~~~~~~~^^^
OSError: [Errno 22] Invalid argument
2026-03-30 00:07:06 | ERROR | main | 主循环异常: [Errno 22] Invalid argument
Traceback (most recent call last):
  File "D:\MyProject\kaas-platform\rpa-qianniu\app\main.py", line 741, in _run_legacy_uia
    print("[窗口丢失] 尝试重新定位…")
    ~~~~~^^^^^^^^^^^^^^^^^^^^^^^^^^^^
  File "D:\MyProject\kaas-platform\rpa-qianniu\app\logger.py", line 27, in write
    self._original.write(s)
    ~~~~~~~~~~~~~~~~~~~~^^^
OSError: [Errno 22] Invalid argument
2026-03-30 00:07:09 | ERROR | main | 主循环异常: [Errno 22] Invalid argument
Traceback (most recent call last):
  File "D:\MyProject\kaas-platform\rpa-qianniu\app\main.py", line 741, in _run_legacy_uia
    print("[窗口丢失] 尝试重新定位…")
    ~~~~~^^^^^^^^^^^^^^^^^^^^^^^^^^^^
  File "D:\MyProject\kaas-platform\rpa-qianniu\app\logger.py", line 27, in write
    self._original.write(s)
    ~~~~~~~~~~~~~~~~~~~~^^^
OSError: [Errno 22] Invalid argument
2026-03-30 00:07:12 | ERROR | main | 主循环异常: [Errno 22] Invalid argument
Traceback (most recent call last):
  File "D:\MyProject\kaas-platform\rpa-qianniu\app\main.py", line 741, in _run_legacy_uia
    print("[窗口丢失] 尝试重新定位…")
    ~~~~~^^^^^^^^^^^^^^^^^^^^^^^^^^^^
  File "D:\MyProject\kaas-platform\rpa-qianniu\app\logger.py", line 27, in write
    self._original.write(s)
    ~~~~~~~~~~~~~~~~~~~~^^^
OSError: [Errno 22] Invalid argument
2026-03-30 00:07:15 | ERROR | main | [SOAK] 连续异常 ≥ 10，建议检查窗口状态，休眠 30 秒
2026-03-30 00:07:45 | ERROR | main | 主循环异常: [Errno 22] Invalid argument
Traceback (most recent call last):
  File "D:\MyProject\kaas-platform\rpa-qianniu\app\main.py", line 741, in _run_legacy_uia
    print("[窗口丢失] 尝试重新定位…")
    ~~~~~^^^^^^^^^^^^^^^^^^^^^^^^^^^^
  File "D:\MyProject\kaas-platform\rpa-qianniu\app\logger.py", line 27, in write
    self._original.write(s)
    ~~~~~~~~~~~~~~~~~~~~^^^
OSError: [Errno 22] Invalid argument
2026-03-30 00:07:48 | ERROR | main | 主循环异常: [Errno 22] Invalid argument
Traceback (most recent call last):
  File "D:\MyProject\kaas-platform\rpa-qianniu\app\main.py", line 741, in _run_legacy_uia
    print("[窗口丢失] 尝试重新定位…")
    ~~~~~^^^^^^^^^^^^^^^^^^^^^^^^^^^^
  File "D:\MyProject\kaas-platform\rpa-qianniu\app\logger.py", line 27, in write
    self._original.write(s)
    ~~~~~~~~~~~~~~~~~~~~^^^
OSError: [Errno 22] Invalid argument
2026-03-30 00:07:51 | ERROR | main | 主循环异常: [Errno 22] Invalid argument
Traceback (most recent call last):
  File "D:\MyProject\kaas-platform\rpa-qianniu\app\main.py", line 741, in _run_legacy_uia
    print("[窗口丢失] 尝试重新定位…")
    ~~~~~^^^^^^^^^^^^^^^^^^^^^^^^^^^^
  File "D:\MyProject\kaas-platform\rpa-qianniu\app\logger.py", line 27, in write
    self._original.write(s)
    ~~~~~~~~~~~~~~~~~~~~^^^
OSError: [Errno 22] Invalid argument
2026-03-30 00:07:54 | ERROR | main | 主循环异常: [Errno 22] Invalid argument
Traceback (most recent call last):
  File "D:\MyProject\kaas-platform\rpa-qianniu\app\main.py", line 741, in _run_legacy_uia
    print("[窗口丢失] 尝试重新定位…")
    ~~~~~^^^^^^^^^^^^^^^^^^^^^^^^^^^^
  File "D:\MyProject\kaas-platform\rpa-qianniu\app\logger.py", line 27, in write
    self._original.write(s)
    ~~~~~~~~~~~~~~~~~~~~^^^
OSError: [Errno 22] Invalid argument
2026-03-30 00:07:57 | ERROR | main | 主循环异常: [Errno 22] Invalid argument
Traceback (most recent call last):
  File "D:\MyProject\kaas-platform\rpa-qianniu\app\main.py", line 741, in _run_legacy_uia
    print("[窗口丢失] 尝试重新定位…")
    ~~~~~^^^^^^^^^^^^^^^^^^^^^^^^^^^^
  File "D:\MyProject\kaas-platform\rpa-qianniu\app\logger.py", line 27, in write
    self._original.write(s)
    ~~~~~~~~~~~~~~~~~~~~^^^
OSError: [Errno 22] Invalid argument
2026-03-30 00:08:00 | ERROR | main | 主循环异常: [Errno 22] Invalid argument
Traceback (most recent call last):
  File "D:\MyProject\kaas-platform\rpa-qianniu\app\main.py", line 741, in _run_legacy_uia
    print("[窗口丢失] 尝试重新定位…")
    ~~~~~^^^^^^^^^^^^^^^^^^^^^^^^^^^^
  File "D:\MyProject\kaas-platform\rpa-qianniu\app\logger.py", line 27, in write
    self._original.write(s)
    ~~~~~~~~~~~~~~~~~~~~^^^
OSError: [Errno 22] Invalid argument
2026-03-30 00:08:03 | ERROR | main | 主循环异常: [Errno 22] Invalid argument
Traceback (most recent call last):
  File "D:\MyProject\kaas-platform\rpa-qianniu\app\main.py", line 741, in _run_legacy_uia
    print("[窗口丢失] 尝试重新定位…")
    ~~~~~^^^^^^^^^^^^^^^^^^^^^^^^^^^^
  File "D:\MyProject\kaas-platform\rpa-qianniu\app\logger.py", line 27, in write
    self._original.write(s)
    ~~~~~~~~~~~~~~~~~~~~^^^
OSError: [Errno 22] Invalid argument
2026-03-30 00:08:06 | ERROR | main | 主循环异常: [Errno 22] Invalid argument
Traceback (most recent call last):
  File "D:\MyProject\kaas-platform\rpa-qianniu\app\main.py", line 741, in _run_legacy_uia
    print("[窗口丢失] 尝试重新定位…")
    ~~~~~^^^^^^^^^^^^^^^^^^^^^^^^^^^^
  File "D:\MyProject\kaas-platform\rpa-qianniu\app\logger.py", line 27, in write
    self._original.write(s)
    ~~~~~~~~~~~~~~~~~~~~^^^
OSError: [Errno 22] Invalid argument
2026-03-30 00:08:09 | ERROR | main | 主循环异常: [Errno 22] Invalid argument
Traceback (most recent call last):
  File "D:\MyProject\kaas-platform\rpa-qianniu\app\main.py", line 741, in _run_legacy_uia
    print("[窗口丢失] 尝试重新定位…")
    ~~~~~^^^^^^^^^^^^^^^^^^^^^^^^^^^^
  File "D:\MyProject\kaas-platform\rpa-qianniu\app\logger.py", line 27, in write
    self._original.write(s)
    ~~~~~~~~~~~~~~~~~~~~^^^
OSError: [Errno 22] Invalid argument
2026-03-30 00:08:12 | ERROR | main | 主循环异常: [Errno 22] Invalid argument
Traceback (most recent call last):
  File "D:\MyProject\kaas-platform\rpa-qianniu\app\main.py", line 741, in _run_legacy_uia
    print("[窗口丢失] 尝试重新定位…")
    ~~~~~^^^^^^^^^^^^^^^^^^^^^^^^^^^^
  File "D:\MyProject\kaas-platform\rpa-qianniu\app\logger.py", line 27, in write
    self._original.write(s)
    ~~~~~~~~~~~~~~~~~~~~^^^
OSError: [Errno 22] Invalid argument
2026-03-30 00:08:15 | ERROR | main | [SOAK] 连续异常 ≥ 10，建议检查窗口状态，休眠 30 秒
2026-03-30 00:08:45 | ERROR | main | 主循环异常: [Errno 22] Invalid argument
Traceback (most recent call last):
  File "D:\MyProject\kaas-platform\rpa-qianniu\app\main.py", line 741, in _run_legacy_uia
    print("[窗口丢失] 尝试重新定位…")
    ~~~~~^^^^^^^^^^^^^^^^^^^^^^^^^^^^
  File "D:\MyProject\kaas-platform\rpa-qianniu\app\logger.py", line 27, in write
    self._original.write(s)
    ~~~~~~~~~~~~~~~~~~~~^^^
OSError: [Errno 22] Invalid argument
2026-03-30 00:08:48 | ERROR | main | 主循环异常: [Errno 22] Invalid argument
Traceback (most recent call last):
  File "D:\MyProject\kaas-platform\rpa-qianniu\app\main.py", line 741, in _run_legacy_uia
    print("[窗口丢失] 尝试重新定位…")
    ~~~~~^^^^^^^^^^^^^^^^^^^^^^^^^^^^
  File "D:\MyProject\kaas-platform\rpa-qianniu\app\logger.py", line 27, in write
    self._original.write(s)
    ~~~~~~~~~~~~~~~~~~~~^^^
OSError: [Errno 22] Invalid argument
2026-03-30 00:08:51 | ERROR | main | 主循环异常: [Errno 22] Invalid argument
Traceback (most recent call last):
  File "D:\MyProject\kaas-platform\rpa-qianniu\app\main.py", line 741, in _run_legacy_uia
    print("[窗口丢失] 尝试重新定位…")
    ~~~~~^^^^^^^^^^^^^^^^^^^^^^^^^^^^
  File "D:\MyProject\kaas-platform\rpa-qianniu\app\logger.py", line 27, in write
    self._original.write(s)
    ~~~~~~~~~~~~~~~~~~~~^^^
OSError: [Errno 22] Invalid argument
2026-03-30 00:08:54 | ERROR | main | 主循环异常: [Errno 22] Invalid argument
Traceback (most recent call last):
  File "D:\MyProject\kaas-platform\rpa-qianniu\app\main.py", line 741, in _run_legacy_uia
    print("[窗口丢失] 尝试重新定位…")
    ~~~~~^^^^^^^^^^^^^^^^^^^^^^^^^^^^
  File "D:\MyProject\kaas-platform\rpa-qianniu\app\logger.py", line 27, in write
    self._original.write(s)
    ~~~~~~~~~~~~~~~~~~~~^^^
OSError: [Errno 22] Invalid argument
2026-03-30 00:08:57 | ERROR | main | 主循环异常: [Errno 22] Invalid argument
Traceback (most recent call last):
  File "D:\MyProject\kaas-platform\rpa-qianniu\app\main.py", line 741, in _run_legacy_uia
    print("[窗口丢失] 尝试重新定位…")
    ~~~~~^^^^^^^^^^^^^^^^^^^^^^^^^^^^
  File "D:\MyProject\kaas-platform\rpa-qianniu\app\logger.py", line 27, in write
    self._original.write(s)
    ~~~~~~~~~~~~~~~~~~~~^^^
OSError: [Errno 22] Invalid argument
2026-03-30 00:09:00 | ERROR | main | 主循环异常: [Errno 22] Invalid argument
Traceback (most recent call last):
  File "D:\MyProject\kaas-platform\rpa-qianniu\app\main.py", line 741, in _run_legacy_uia
    print("[窗口丢失] 尝试重新定位…")
    ~~~~~^^^^^^^^^^^^^^^^^^^^^^^^^^^^
  File "D:\MyProject\kaas-platform\rpa-qianniu\app\logger.py", line 27, in write
    self._original.write(s)
    ~~~~~~~~~~~~~~~~~~~~^^^
OSError: [Errno 22] Invalid argument
2026-03-30 00:09:03 | ERROR | main | 主循环异常: [Errno 22] Invalid argument
Traceback (most recent call last):
  File "D:\MyProject\kaas-platform\rpa-qianniu\app\main.py", line 741, in _run_legacy_uia
    print("[窗口丢失] 尝试重新定位…")
    ~~~~~^^^^^^^^^^^^^^^^^^^^^^^^^^^^
  File "D:\MyProject\kaas-platform\rpa-qianniu\app\logger.py", line 27, in write
    self._original.write(s)
    ~~~~~~~~~~~~~~~~~~~~^^^
OSError: [Errno 22] Invalid argument
2026-03-30 00:09:06 | ERROR | main | 主循环异常: [Errno 22] Invalid argument
Traceback (most recent call last):
  File "D:\MyProject\kaas-platform\rpa-qianniu\app\main.py", line 741, in _run_legacy_uia
    print("[窗口丢失] 尝试重新定位…")
    ~~~~~^^^^^^^^^^^^^^^^^^^^^^^^^^^^
  File "D:\MyProject\kaas-platform\rpa-qianniu\app\logger.py", line 27, in write
    self._original.write(s)
    ~~~~~~~~~~~~~~~~~~~~^^^
OSError: [Errno 22] Invalid argument
2026-03-30 00:09:09 | ERROR | main | 主循环异常: [Errno 22] Invalid argument
Traceback (most recent call last):
  File "D:\MyProject\kaas-platform\rpa-qianniu\app\main.py", line 741, in _run_legacy_uia
    print("[窗口丢失] 尝试重新定位…")
    ~~~~~^^^^^^^^^^^^^^^^^^^^^^^^^^^^
  File "D:\MyProject\kaas-platform\rpa-qianniu\app\logger.py", line 27, in write
    self._original.write(s)
    ~~~~~~~~~~~~~~~~~~~~^^^
OSError: [Errno 22] Invalid argument
2026-03-30 00:09:12 | ERROR | main | 主循环异常: [Errno 22] Invalid argument
Traceback (most recent call last):
  File "D:\MyProject\kaas-platform\rpa-qianniu\app\main.py", line 741, in _run_legacy_uia
    print("[窗口丢失] 尝试重新定位…")
    ~~~~~^^^^^^^^^^^^^^^^^^^^^^^^^^^^
  File "D:\MyProject\kaas-platform\rpa-qianniu\app\logger.py", line 27, in write
    self._original.write(s)
    ~~~~~~~~~~~~~~~~~~~~^^^
OSError: [Errno 22] Invalid argument
2026-03-30 00:09:15 | ERROR | main | [SOAK] 连续异常 ≥ 10，建议检查窗口状态，休眠 30 秒
2026-03-30 00:09:45 | ERROR | main | 主循环异常: [Errno 22] Invalid argument
Traceback (most recent call last):
  File "D:\MyProject\kaas-platform\rpa-qianniu\app\main.py", line 741, in _run_legacy_uia
    print("[窗口丢失] 尝试重新定位…")
    ~~~~~^^^^^^^^^^^^^^^^^^^^^^^^^^^^
  File "D:\MyProject\kaas-platform\rpa-qianniu\app\logger.py", line 27, in write
    self._original.write(s)
    ~~~~~~~~~~~~~~~~~~~~^^^
OSError: [Errno 22] Invalid argument
2026-03-30 00:09:48 | INFO | main | [SOAK] 已运行 313.6 分钟，已处理 0 条消息
2026-03-30 00:09:48 | ERROR | main | 主循环异常: [Errno 22] Invalid argument
Traceback (most recent call last):
  File "D:\MyProject\kaas-platform\rpa-qianniu\app\main.py", line 741, in _run_legacy_uia
    print("[窗口丢失] 尝试重新定位…")
    ~~~~~^^^^^^^^^^^^^^^^^^^^^^^^^^^^
  File "D:\MyProject\kaas-platform\rpa-qianniu\app\logger.py", line 27, in write
    self._original.write(s)
    ~~~~~~~~~~~~~~~~~~~~^^^
OSError: [Errno 22] Invalid argument
2026-03-30 00:09:51 | ERROR | main | 主循环异常: [Errno 22] Invalid argument
Traceback (most recent call last):
  File "D:\MyProject\kaas-platform\rpa-qianniu\app\main.py", line 741, in _run_legacy_uia
    print("[窗口丢失] 尝试重新定位…")
    ~~~~~^^^^^^^^^^^^^^^^^^^^^^^^^^^^
  File "D:\MyProject\kaas-platform\rpa-qianniu\app\logger.py", line 27, in write
    self._original.write(s)
    ~~~~~~~~~~~~~~~~~~~~^^^
OSError: [Errno 22] Invalid argument
2026-03-30 00:09:54 | ERROR | main | 主循环异常: [Errno 22] Invalid argument
Traceback (most recent call last):
  File "D:\MyProject\kaas-platform\rpa-qianniu\app\main.py", line 741, in _run_legacy_uia
    print("[窗口丢失] 尝试重新定位…")
    ~~~~~^^^^^^^^^^^^^^^^^^^^^^^^^^^^
  File "D:\MyProject\kaas-platform\rpa-qianniu\app\logger.py", line 27, in write
    self._original.write(s)
    ~~~~~~~~~~~~~~~~~~~~^^^
OSError: [Errno 22] Invalid argument
2026-03-30 00:09:57 | ERROR | main | 主循环异常: [Errno 22] Invalid argument
Traceback (most recent call last):
  File "D:\MyProject\kaas-platform\rpa-qianniu\app\main.py", line 741, in _run_legacy_uia
    print("[窗口丢失] 尝试重新定位…")
    ~~~~~^^^^^^^^^^^^^^^^^^^^^^^^^^^^
  File "D:\MyProject\kaas-platform\rpa-qianniu\app\logger.py", line 27, in write
    self._original.write(s)
    ~~~~~~~~~~~~~~~~~~~~^^^
OSError: [Errno 22] Invalid argument
2026-03-30 00:10:00 | ERROR | main | 主循环异常: [Errno 22] Invalid argument
Traceback (most recent call last):
  File "D:\MyProject\kaas-platform\rpa-qianniu\app\main.py", line 741, in _run_legacy_uia
    print("[窗口丢失] 尝试重新定位…")
    ~~~~~^^^^^^^^^^^^^^^^^^^^^^^^^^^^
  File "D:\MyProject\kaas-platform\rpa-qianniu\app\logger.py", line 27, in write
    self._original.write(s)
    ~~~~~~~~~~~~~~~~~~~~^^^
OSError: [Errno 22] Invalid argument
2026-03-30 00:10:03 | ERROR | main | 主循环异常: [Errno 22] Invalid argument
Traceback (most recent call last):
  File "D:\MyProject\kaas-platform\rpa-qianniu\app\main.py", line 741, in _run_legacy_uia
    print("[窗口丢失] 尝试重新定位…")
    ~~~~~^^^^^^^^^^^^^^^^^^^^^^^^^^^^
  File "D:\MyProject\kaas-platform\rpa-qianniu\app\logger.py", line 27, in write
    self._original.write(s)
    ~~~~~~~~~~~~~~~~~~~~^^^
OSError: [Errno 22] Invalid argument
2026-03-30 00:10:06 | ERROR | main | 主循环异常: [Errno 22] Invalid argument
Traceback (most recent call last):
  File "D:\MyProject\kaas-platform\rpa-qianniu\app\main.py", line 741, in _run_legacy_uia
    print("[窗口丢失] 尝试重新定位…")
    ~~~~~^^^^^^^^^^^^^^^^^^^^^^^^^^^^
  File "D:\MyProject\kaas-platform\rpa-qianniu\app\logger.py", line 27, in write
    self._original.write(s)
    ~~~~~~~~~~~~~~~~~~~~^^^
OSError: [Errno 22] Invalid argument
2026-03-30 00:10:09 | ERROR | main | 主循环异常: [Errno 22] Invalid argument
Traceback (most recent call last):
  File "D:\MyProject\kaas-platform\rpa-qianniu\app\main.py", line 741, in _run_legacy_uia
    print("[窗口丢失] 尝试重新定位…")
    ~~~~~^^^^^^^^^^^^^^^^^^^^^^^^^^^^
  File "D:\MyProject\kaas-platform\rpa-qianniu\app\logger.py", line 27, in write
    self._original.write(s)
    ~~~~~~~~~~~~~~~~~~~~^^^
OSError: [Errno 22] Invalid argument
2026-03-30 00:10:12 | ERROR | main | 主循环异常: [Errno 22] Invalid argument
Traceback (most recent call last):
  File "D:\MyProject\kaas-platform\rpa-qianniu\app\main.py", line 741, in _run_legacy_uia
    print("[窗口丢失] 尝试重新定位…")
    ~~~~~^^^^^^^^^^^^^^^^^^^^^^^^^^^^
  File "D:\MyProject\kaas-platform\rpa-qianniu\app\logger.py", line 27, in write
    self._original.write(s)
    ~~~~~~~~~~~~~~~~~~~~^^^
OSError: [Errno 22] Invalid argument
2026-03-30 00:10:15 | ERROR | main | [SOAK] 连续异常 ≥ 10，建议检查窗口状态，休眠 30 秒
2026-03-30 00:10:45 | ERROR | main | 主循环异常: [Errno 22] Invalid argument
Traceback (most recent call last):
  File "D:\MyProject\kaas-platform\rpa-qianniu\app\main.py", line 741, in _run_legacy_uia
    print("[窗口丢失] 尝试重新定位…")
    ~~~~~^^^^^^^^^^^^^^^^^^^^^^^^^^^^
  File "D:\MyProject\kaas-platform\rpa-qianniu\app\logger.py", line 27, in write
    self._original.write(s)
    ~~~~~~~~~~~~~~~~~~~~^^^
OSError: [Errno 22] Invalid argument
2026-03-30 00:10:48 | ERROR | main | 主循环异常: [Errno 22] Invalid argument
Traceback (most recent call last):
  File "D:\MyProject\kaas-platform\rpa-qianniu\app\main.py", line 741, in _run_legacy_uia
    print("[窗口丢失] 尝试重新定位…")
    ~~~~~^^^^^^^^^^^^^^^^^^^^^^^^^^^^
  File "D:\MyProject\kaas-platform\rpa-qianniu\app\logger.py", line 27, in write
    self._original.write(s)
    ~~~~~~~~~~~~~~~~~~~~^^^
OSError: [Errno 22] Invalid argument
2026-03-30 00:10:51 | ERROR | main | 主循环异常: [Errno 22] Invalid argument
Traceback (most recent call last):
  File "D:\MyProject\kaas-platform\rpa-qianniu\app\main.py", line 741, in _run_legacy_uia
    print("[窗口丢失] 尝试重新定位…")
    ~~~~~^^^^^^^^^^^^^^^^^^^^^^^^^^^^
  File "D:\MyProject\kaas-platform\rpa-qianniu\app\logger.py", line 27, in write
    self._original.write(s)
    ~~~~~~~~~~~~~~~~~~~~^^^
OSError: [Errno 22] Invalid argument
2026-03-30 00:10:54 | ERROR | main | 主循环异常: [Errno 22] Invalid argument
Traceback (most recent call last):
  File "D:\MyProject\kaas-platform\rpa-qianniu\app\main.py", line 741, in _run_legacy_uia
    print("[窗口丢失] 尝试重新定位…")
    ~~~~~^^^^^^^^^^^^^^^^^^^^^^^^^^^^
  File "D:\MyProject\kaas-platform\rpa-qianniu\app\logger.py", line 27, in write
    self._original.write(s)
    ~~~~~~~~~~~~~~~~~~~~^^^
OSError: [Errno 22] Invalid argument
2026-03-30 00:10:57 | ERROR | main | 主循环异常: [Errno 22] Invalid argument
Traceback (most recent call last):
  File "D:\MyProject\kaas-platform\rpa-qianniu\app\main.py", line 741, in _run_legacy_uia
    print("[窗口丢失] 尝试重新定位…")
    ~~~~~^^^^^^^^^^^^^^^^^^^^^^^^^^^^
  File "D:\MyProject\kaas-platform\rpa-qianniu\app\logger.py", line 27, in write
    self._original.write(s)
    ~~~~~~~~~~~~~~~~~~~~^^^
OSError: [Errno 22] Invalid argument
2026-03-30 00:11:00 | ERROR | main | 主循环异常: [Errno 22] Invalid argument
Traceback (most recent call last):
  File "D:\MyProject\kaas-platform\rpa-qianniu\app\main.py", line 741, in _run_legacy_uia
    print("[窗口丢失] 尝试重新定位…")
    ~~~~~^^^^^^^^^^^^^^^^^^^^^^^^^^^^
  File "D:\MyProject\kaas-platform\rpa-qianniu\app\logger.py", line 27, in write
    self._original.write(s)
    ~~~~~~~~~~~~~~~~~~~~^^^
OSError: [Errno 22] Invalid argument
2026-03-30 00:11:03 | ERROR | main | 主循环异常: [Errno 22] Invalid argument
Traceback (most recent call last):
  File "D:\MyProject\kaas-platform\rpa-qianniu\app\main.py", line 741, in _run_legacy_uia
    print("[窗口丢失] 尝试重新定位…")
    ~~~~~^^^^^^^^^^^^^^^^^^^^^^^^^^^^
  File "D:\MyProject\kaas-platform\rpa-qianniu\app\logger.py", line 27, in write
    self._original.write(s)
    ~~~~~~~~~~~~~~~~~~~~^^^
OSError: [Errno 22] Invalid argument
2026-03-30 00:11:06 | ERROR | main | 主循环异常: [Errno 22] Invalid argument
Traceback (most recent call last):
  File "D:\MyProject\kaas-platform\rpa-qianniu\app\main.py", line 741, in _run_legacy_uia
    print("[窗口丢失] 尝试重新定位…")
    ~~~~~^^^^^^^^^^^^^^^^^^^^^^^^^^^^
  File "D:\MyProject\kaas-platform\rpa-qianniu\app\logger.py", line 27, in write
    self._original.write(s)
    ~~~~~~~~~~~~~~~~~~~~^^^
OSError: [Errno 22] Invalid argument
2026-03-30 00:11:09 | ERROR | main | 主循环异常: [Errno 22] Invalid argument
Traceback (most recent call last):
  File "D:\MyProject\kaas-platform\rpa-qianniu\app\main.py", line 741, in _run_legacy_uia
    print("[窗口丢失] 尝试重新定位…")
    ~~~~~^^^^^^^^^^^^^^^^^^^^^^^^^^^^
  File "D:\MyProject\kaas-platform\rpa-qianniu\app\logger.py", line 27, in write
    self._original.write(s)
    ~~~~~~~~~~~~~~~~~~~~^^^
OSError: [Errno 22] Invalid argument
2026-03-30 00:11:12 | ERROR | main | 主循环异常: [Errno 22] Invalid argument
Traceback (most recent call last):
  File "D:\MyProject\kaas-platform\rpa-qianniu\app\main.py", line 741, in _run_legacy_uia
    print("[窗口丢失] 尝试重新定位…")
    ~~~~~^^^^^^^^^^^^^^^^^^^^^^^^^^^^
  File "D:\MyProject\kaas-platform\rpa-qianniu\app\logger.py", line 27, in write
    self._original.write(s)
    ~~~~~~~~~~~~~~~~~~~~^^^
OSError: [Errno 22] Invalid argument
2026-03-30 00:11:15 | ERROR | main | [SOAK] 连续异常 ≥ 10，建议检查窗口状态，休眠 30 秒
2026-03-30 00:11:45 | ERROR | main | 主循环异常: [Errno 22] Invalid argument
Traceback (most recent call last):
  File "D:\MyProject\kaas-platform\rpa-qianniu\app\main.py", line 741, in _run_legacy_uia
    print("[窗口丢失] 尝试重新定位…")
    ~~~~~^^^^^^^^^^^^^^^^^^^^^^^^^^^^
  File "D:\MyProject\kaas-platform\rpa-qianniu\app\logger.py", line 27, in write
    self._original.write(s)
    ~~~~~~~~~~~~~~~~~~~~^^^
OSError: [Errno 22] Invalid argument
